// Jest Snapshot v1, https://goo.gl/fbAQLP

exports[`LaunchesList component tests Snapshot LaunchesList default snapshot 1`] = `
<div
  className="launches-list"
/>
`;
